2026-01-03 15:25:36 - FixedAnalyzer - INFO - logger.py:66 - Logging to file: logs/stack21_20260103_152536.log
2026-01-03 15:25:36 - FixedAnalyzer - INFO - logger.py:52 - Logger initialized for FixedAnalyzer at level INFO
2026-01-03 15:25:36 - FixedAnalyzer - INFO - logger.py:69 - ============================================================
2026-01-03 15:25:36 - FixedAnalyzer - INFO - logger.py:70 - GAME START
2026-01-03 15:25:36 - FixedAnalyzer - INFO - logger.py:71 - ============================================================
2026-01-03 15:25:36 - FixedAnalyzer - INFO - logger.py:72 - Stack: [3, 5, 2, 6]
2026-01-03 15:25:36 - FixedAnalyzer - INFO - logger.py:73 - Stack length: 4
2026-01-03 15:25:36 - FixedAnalyzer - INFO - logger.py:74 - Algorithm: both
2026-01-03 15:25:36 - FixedAnalyzer - INFO - logger.py:77 - Timestamp: 2026-01-03T15:25:36.638205
2026-01-03 15:25:36 - FixedAnalyzer - INFO - full_analysis.py:46 - Running Minimax analysis...
2026-01-03 15:25:36 - FixedAnalyzer - INFO - full_analysis.py:72 - Minimax solution: 1 moves, final total: 5
2026-01-03 15:25:36 - FixedAnalyzer - INFO - full_analysis.py:78 - Running Alpha-Beta analysis...
2026-01-03 15:25:36 - FixedAnalyzer - INFO - full_analysis.py:110 - Alpha-beta solution: 2 moves, final total: 7
2026-01-03 15:25:36 - FixedAnalyzer - INFO - full_analysis.py:161 - Algorithm comparison: {'value_difference': 0, 'values_match': True, 'minimax_nodes': 7, 'alphabeta_nodes': 6, 'minimax_time': 5.698204040527344e-05, 'alphabeta_time': 3.9577484130859375e-05, 'pruning_efficiency': 0.14285714285714285, 'speedup_factor': 1.1666666666666667, 'nodes_saved': 1}
2026-01-03 15:25:36 - FixedAnalyzer - INFO - logger.py:69 - ============================================================
2026-01-03 15:25:36 - FixedAnalyzer - INFO - logger.py:70 - GAME START
2026-01-03 15:25:36 - FixedAnalyzer - INFO - logger.py:71 - ============================================================
2026-01-03 15:25:36 - FixedAnalyzer - INFO - logger.py:72 - Stack: [6, 6, 3, 2, 4, 1, 5, 3]
2026-01-03 15:25:36 - FixedAnalyzer - INFO - logger.py:73 - Stack length: 8
2026-01-03 15:25:36 - FixedAnalyzer - INFO - logger.py:74 - Algorithm: both
2026-01-03 15:25:36 - FixedAnalyzer - INFO - logger.py:77 - Timestamp: 2026-01-03T15:25:36.639029
2026-01-03 15:25:36 - FixedAnalyzer - INFO - full_analysis.py:46 - Running Minimax analysis...
2026-01-03 15:25:36 - FixedAnalyzer - INFO - full_analysis.py:72 - Minimax solution: 1 moves, final total: 6
2026-01-03 15:25:36 - FixedAnalyzer - INFO - full_analysis.py:78 - Running Alpha-Beta analysis...
2026-01-03 15:25:36 - FixedAnalyzer - INFO - full_analysis.py:110 - Alpha-beta solution: 4 moves, final total: 15
2026-01-03 15:25:36 - FixedAnalyzer - INFO - full_analysis.py:161 - Algorithm comparison: {'value_difference': 0, 'values_match': True, 'minimax_nodes': 17, 'alphabeta_nodes': 18, 'minimax_time': 6.461143493652344e-05, 'alphabeta_time': 8.20159912109375e-05, 'pruning_efficiency': 0.21739130434782608, 'speedup_factor': 0.9444444444444444, 'nodes_saved': -1}
2026-01-03 15:25:36 - FixedAnalyzer - INFO - logger.py:69 - ============================================================
2026-01-03 15:25:36 - FixedAnalyzer - INFO - logger.py:70 - GAME START
2026-01-03 15:25:36 - FixedAnalyzer - INFO - logger.py:71 - ============================================================
2026-01-03 15:25:36 - FixedAnalyzer - INFO - logger.py:72 - Stack: [1, 6, 2, 5, 3, 4, 1, 6, 2, 5]
2026-01-03 15:25:36 - FixedAnalyzer - INFO - logger.py:73 - Stack length: 10
2026-01-03 15:25:36 - FixedAnalyzer - INFO - logger.py:74 - Algorithm: both
2026-01-03 15:25:36 - FixedAnalyzer - INFO - logger.py:77 - Timestamp: 2026-01-03T15:25:36.639927
2026-01-03 15:25:36 - FixedAnalyzer - INFO - full_analysis.py:46 - Running Minimax analysis...
2026-01-03 15:25:36 - FixedAnalyzer - INFO - full_analysis.py:72 - Minimax solution: 1 moves, final total: 1
2026-01-03 15:25:36 - FixedAnalyzer - INFO - full_analysis.py:78 - Running Alpha-Beta analysis...
2026-01-03 15:25:36 - FixedAnalyzer - INFO - full_analysis.py:110 - Alpha-beta solution: 5 moves, final total: 17
2026-01-03 15:25:36 - FixedAnalyzer - INFO - full_analysis.py:161 - Algorithm comparison: {'value_difference': 0, 'values_match': True, 'minimax_nodes': 53, 'alphabeta_nodes': 58, 'minimax_time': 0.00019431114196777344, 'alphabeta_time': 0.0002484321594238281, 'pruning_efficiency': 0.04918032786885246, 'speedup_factor': 0.9137931034482759, 'nodes_saved': -5}
2026-01-03 15:25:36 - FixedAnalyzer - INFO - full_analysis.py:198 - Starting benchmark...
2026-01-03 15:25:36 - FixedAnalyzer - INFO - full_analysis.py:204 - Benchmarking stack size 4...
2026-01-03 15:25:36 - FixedAnalyzer - INFO - logger.py:69 - ============================================================
2026-01-03 15:25:36 - FixedAnalyzer - INFO - logger.py:70 - GAME START
2026-01-03 15:25:36 - FixedAnalyzer - INFO - logger.py:71 - ============================================================
2026-01-03 15:25:36 - FixedAnalyzer - INFO - logger.py:72 - Stack: [4, 3, 6, 5]
2026-01-03 15:25:36 - FixedAnalyzer - INFO - logger.py:73 - Stack length: 4
2026-01-03 15:25:36 - FixedAnalyzer - INFO - logger.py:74 - Algorithm: both
2026-01-03 15:25:36 - FixedAnalyzer - INFO - logger.py:77 - Timestamp: 2026-01-03T15:25:36.641458
2026-01-03 15:25:36 - FixedAnalyzer - INFO - full_analysis.py:46 - Running Minimax analysis...
2026-01-03 15:25:36 - FixedAnalyzer - INFO - full_analysis.py:72 - Minimax solution: 1 moves, final total: 4
2026-01-03 15:25:36 - FixedAnalyzer - INFO - full_analysis.py:78 - Running Alpha-Beta analysis...
2026-01-03 15:25:36 - FixedAnalyzer - INFO - full_analysis.py:110 - Alpha-beta solution: 2 moves, final total: 9
2026-01-03 15:25:36 - FixedAnalyzer - INFO - full_analysis.py:161 - Algorithm comparison: {'value_difference': 0, 'values_match': True, 'minimax_nodes': 7, 'alphabeta_nodes': 6, 'minimax_time': 3.0279159545898438e-05, 'alphabeta_time': 2.5987625122070312e-05, 'pruning_efficiency': 0.14285714285714285, 'speedup_factor': 1.1666666666666667, 'nodes_saved': 1}
2026-01-03 15:25:36 - FixedAnalyzer - INFO - logger.py:69 - ============================================================
2026-01-03 15:25:36 - FixedAnalyzer - INFO - logger.py:70 - GAME START
2026-01-03 15:25:36 - FixedAnalyzer - INFO - logger.py:71 - ============================================================
2026-01-03 15:25:36 - FixedAnalyzer - INFO - logger.py:72 - Stack: [5, 6, 3, 6]
2026-01-03 15:25:36 - FixedAnalyzer - INFO - logger.py:73 - Stack length: 4
2026-01-03 15:25:36 - FixedAnalyzer - INFO - logger.py:74 - Algorithm: both
2026-01-03 15:25:36 - FixedAnalyzer - INFO - logger.py:77 - Timestamp: 2026-01-03T15:25:36.642186
2026-01-03 15:25:36 - FixedAnalyzer - INFO - full_analysis.py:46 - Running Minimax analysis...
2026-01-03 15:25:36 - FixedAnalyzer - INFO - full_analysis.py:72 - Minimax solution: 1 moves, final total: 6
2026-01-03 15:25:36 - FixedAnalyzer - INFO - full_analysis.py:78 - Running Alpha-Beta analysis...
2026-01-03 15:25:36 - FixedAnalyzer - INFO - full_analysis.py:110 - Alpha-beta solution: 2 moves, final total: 9
2026-01-03 15:25:36 - FixedAnalyzer - INFO - full_analysis.py:161 - Algorithm comparison: {'value_difference': 0, 'values_match': True, 'minimax_nodes': 7, 'alphabeta_nodes': 6, 'minimax_time': 2.9802322387695312e-05, 'alphabeta_time': 3.218650817871094e-05, 'pruning_efficiency': 0.14285714285714285, 'speedup_factor': 1.1666666666666667, 'nodes_saved': 1}
2026-01-03 15:25:36 - FixedAnalyzer - INFO - full_analysis.py:204 - Benchmarking stack size 6...
2026-01-03 15:25:36 - FixedAnalyzer - INFO - logger.py:69 - ============================================================
2026-01-03 15:25:36 - FixedAnalyzer - INFO - logger.py:70 - GAME START
2026-01-03 15:25:36 - FixedAnalyzer - INFO - logger.py:71 - ============================================================
2026-01-03 15:25:36 - FixedAnalyzer - INFO - logger.py:72 - Stack: [1, 1, 6, 4, 3, 4]
2026-01-03 15:25:36 - FixedAnalyzer - INFO - logger.py:73 - Stack length: 6
2026-01-03 15:25:36 - FixedAnalyzer - INFO - logger.py:74 - Algorithm: both
2026-01-03 15:25:36 - FixedAnalyzer - INFO - logger.py:77 - Timestamp: 2026-01-03T15:25:36.643012
2026-01-03 15:25:36 - FixedAnalyzer - INFO - full_analysis.py:46 - Running Minimax analysis...
2026-01-03 15:25:36 - FixedAnalyzer - INFO - full_analysis.py:72 - Minimax solution: 1 moves, final total: 1
2026-01-03 15:25:36 - FixedAnalyzer - INFO - full_analysis.py:78 - Running Alpha-Beta analysis...
2026-01-03 15:25:36 - FixedAnalyzer - INFO - full_analysis.py:110 - Alpha-beta solution: 3 moves, final total: 10
2026-01-03 15:25:36 - FixedAnalyzer - INFO - full_analysis.py:161 - Algorithm comparison: {'value_difference': 0, 'values_match': True, 'minimax_nodes': 9, 'alphabeta_nodes': 15, 'minimax_time': 4.935264587402344e-05, 'alphabeta_time': 0.00014543533325195312, 'pruning_efficiency': 0.0, 'speedup_factor': 0.6, 'nodes_saved': -6}
2026-01-03 15:25:36 - FixedAnalyzer - INFO - logger.py:69 - ============================================================
2026-01-03 15:25:36 - FixedAnalyzer - INFO - logger.py:70 - GAME START
2026-01-03 15:25:36 - FixedAnalyzer - INFO - logger.py:71 - ============================================================
2026-01-03 15:25:36 - FixedAnalyzer - INFO - logger.py:72 - Stack: [2, 1, 6, 1, 2, 5]
2026-01-03 15:25:36 - FixedAnalyzer - INFO - logger.py:73 - Stack length: 6
2026-01-03 15:25:36 - FixedAnalyzer - INFO - logger.py:74 - Algorithm: both
2026-01-03 15:25:36 - FixedAnalyzer - INFO - logger.py:77 - Timestamp: 2026-01-03T15:25:36.644028
2026-01-03 15:25:36 - FixedAnalyzer - INFO - full_analysis.py:46 - Running Minimax analysis...
2026-01-03 15:25:36 - FixedAnalyzer - INFO - full_analysis.py:72 - Minimax solution: 1 moves, final total: 1
2026-01-03 15:25:36 - FixedAnalyzer - INFO - full_analysis.py:78 - Running Alpha-Beta analysis...
2026-01-03 15:25:36 - FixedAnalyzer - INFO - full_analysis.py:110 - Alpha-beta solution: 3 moves, final total: 9
2026-01-03 15:25:36 - FixedAnalyzer - INFO - full_analysis.py:161 - Algorithm comparison: {'value_difference': 0, 'values_match': True, 'minimax_nodes': 15, 'alphabeta_nodes': 15, 'minimax_time': 6.198883056640625e-05, 'alphabeta_time': 6.890296936035156e-05, 'pruning_efficiency': 0.0, 'speedup_factor': 1.0, 'nodes_saved': 0}
2026-01-03 15:25:36 - FixedAnalyzer - INFO - full_analysis.py:204 - Benchmarking stack size 8...
2026-01-03 15:25:36 - FixedAnalyzer - INFO - logger.py:69 - ============================================================
2026-01-03 15:25:36 - FixedAnalyzer - INFO - logger.py:70 - GAME START
2026-01-03 15:25:36 - FixedAnalyzer - INFO - logger.py:71 - ============================================================
2026-01-03 15:25:36 - FixedAnalyzer - INFO - logger.py:72 - Stack: [2, 6, 1, 5, 5, 1, 4, 5]
2026-01-03 15:25:36 - FixedAnalyzer - INFO - logger.py:73 - Stack length: 8
2026-01-03 15:25:36 - FixedAnalyzer - INFO - logger.py:74 - Algorithm: both
2026-01-03 15:25:36 - FixedAnalyzer - INFO - logger.py:77 - Timestamp: 2026-01-03T15:25:36.645038
2026-01-03 15:25:36 - FixedAnalyzer - INFO - full_analysis.py:46 - Running Minimax analysis...
2026-01-03 15:25:36 - FixedAnalyzer - INFO - full_analysis.py:72 - Minimax solution: 1 moves, final total: 6
2026-01-03 15:25:36 - FixedAnalyzer - INFO - full_analysis.py:78 - Running Alpha-Beta analysis...
2026-01-03 15:25:36 - FixedAnalyzer - INFO - full_analysis.py:110 - Alpha-beta solution: 4 moves, final total: 16
2026-01-03 15:25:36 - FixedAnalyzer - INFO - full_analysis.py:161 - Algorithm comparison: {'value_difference': 0, 'values_match': True, 'minimax_nodes': 21, 'alphabeta_nodes': 18, 'minimax_time': 8.988380432128906e-05, 'alphabeta_time': 7.486343383789062e-05, 'pruning_efficiency': 0.21739130434782608, 'speedup_factor': 1.1666666666666667, 'nodes_saved': 3}
2026-01-03 15:25:36 - FixedAnalyzer - INFO - logger.py:69 - ============================================================
2026-01-03 15:25:36 - FixedAnalyzer - INFO - logger.py:70 - GAME START
2026-01-03 15:25:36 - FixedAnalyzer - INFO - logger.py:71 - ============================================================
2026-01-03 15:25:36 - FixedAnalyzer - INFO - logger.py:72 - Stack: [5, 2, 6, 4, 4, 3, 5, 3]
2026-01-03 15:25:36 - FixedAnalyzer - INFO - logger.py:73 - Stack length: 8
2026-01-03 15:25:36 - FixedAnalyzer - INFO - logger.py:74 - Algorithm: both
2026-01-03 15:25:36 - FixedAnalyzer - INFO - logger.py:77 - Timestamp: 2026-01-03T15:25:36.646068
2026-01-03 15:25:36 - FixedAnalyzer - INFO - full_analysis.py:46 - Running Minimax analysis...
2026-01-03 15:25:36 - FixedAnalyzer - INFO - full_analysis.py:72 - Minimax solution: 1 moves, final total: 5
2026-01-03 15:25:36 - FixedAnalyzer - INFO - full_analysis.py:78 - Running Alpha-Beta analysis...
2026-01-03 15:25:36 - FixedAnalyzer - INFO - full_analysis.py:110 - Alpha-beta solution: 4 moves, final total: 16
2026-01-03 15:25:36 - FixedAnalyzer - INFO - full_analysis.py:161 - Algorithm comparison: {'value_difference': 0, 'values_match': True, 'minimax_nodes': 29, 'alphabeta_nodes': 18, 'minimax_time': 0.000110626220703125, 'alphabeta_time': 7.462501525878906e-05, 'pruning_efficiency': 0.21739130434782608, 'speedup_factor': 1.6111111111111112, 'nodes_saved': 11}
2026-01-03 15:25:36 - FixedAnalyzer - INFO - full_analysis.py:176 - Analysis results exported to analysis_output/fixed_analysis_results.json
2026-01-03 15:25:36 - FixedAnalyzer - INFO - logger.py:183 - Log analysis saved to: fixed_analysis_log.json
