2026-01-03 15:03:20 - FixedAnalyzer - INFO - logger.py:66 - Logging to file: logs/stack21_20260103_150320.log
2026-01-03 15:03:20 - FixedAnalyzer - INFO - logger.py:52 - Logger initialized for FixedAnalyzer at level INFO
2026-01-03 15:03:20 - FixedAnalyzer - INFO - logger.py:69 - ============================================================
2026-01-03 15:03:20 - FixedAnalyzer - INFO - logger.py:70 - GAME START
2026-01-03 15:03:20 - FixedAnalyzer - INFO - logger.py:71 - ============================================================
2026-01-03 15:03:20 - FixedAnalyzer - INFO - logger.py:72 - Stack: [3, 5, 2, 6]
2026-01-03 15:03:20 - FixedAnalyzer - INFO - logger.py:73 - Stack length: 4
2026-01-03 15:03:20 - FixedAnalyzer - INFO - logger.py:74 - Algorithm: both
2026-01-03 15:03:20 - FixedAnalyzer - INFO - logger.py:77 - Timestamp: 2026-01-03T15:03:20.317415
2026-01-03 15:03:20 - FixedAnalyzer - INFO - full_analysis.py:46 - Running Minimax analysis...
2026-01-03 15:03:20 - FixedAnalyzer - INFO - full_analysis.py:72 - Minimax solution: 1 moves, final total: 5
2026-01-03 15:03:20 - FixedAnalyzer - INFO - full_analysis.py:78 - Running Alpha-Beta analysis...
2026-01-03 15:03:20 - FixedAnalyzer - INFO - full_analysis.py:110 - Alpha-beta solution: 2 moves, final total: 7
2026-01-03 15:03:20 - FixedAnalyzer - INFO - full_analysis.py:161 - Algorithm comparison: {'value_difference': 0, 'values_match': True, 'minimax_nodes': 7, 'alphabeta_nodes': 6, 'minimax_time': 7.82012939453125e-05, 'alphabeta_time': 5.4836273193359375e-05, 'pruning_efficiency': 0.14285714285714285, 'speedup_factor': 1.1666666666666667, 'nodes_saved': 1}
2026-01-03 15:03:20 - FixedAnalyzer - INFO - logger.py:69 - ============================================================
2026-01-03 15:03:20 - FixedAnalyzer - INFO - logger.py:70 - GAME START
2026-01-03 15:03:20 - FixedAnalyzer - INFO - logger.py:71 - ============================================================
2026-01-03 15:03:20 - FixedAnalyzer - INFO - logger.py:72 - Stack: [6, 6, 3, 2, 4, 1, 5, 3]
2026-01-03 15:03:20 - FixedAnalyzer - INFO - logger.py:73 - Stack length: 8
2026-01-03 15:03:20 - FixedAnalyzer - INFO - logger.py:74 - Algorithm: both
2026-01-03 15:03:20 - FixedAnalyzer - INFO - logger.py:77 - Timestamp: 2026-01-03T15:03:20.318613
2026-01-03 15:03:20 - FixedAnalyzer - INFO - full_analysis.py:46 - Running Minimax analysis...
2026-01-03 15:03:20 - FixedAnalyzer - INFO - full_analysis.py:72 - Minimax solution: 1 moves, final total: 6
2026-01-03 15:03:20 - FixedAnalyzer - INFO - full_analysis.py:78 - Running Alpha-Beta analysis...
2026-01-03 15:03:20 - FixedAnalyzer - INFO - full_analysis.py:110 - Alpha-beta solution: 4 moves, final total: 15
2026-01-03 15:03:20 - FixedAnalyzer - INFO - full_analysis.py:161 - Algorithm comparison: {'value_difference': 0, 'values_match': True, 'minimax_nodes': 17, 'alphabeta_nodes': 18, 'minimax_time': 9.560585021972656e-05, 'alphabeta_time': 0.00010418891906738281, 'pruning_efficiency': 0.21739130434782608, 'speedup_factor': 0.9444444444444444, 'nodes_saved': -1}
2026-01-03 15:03:20 - FixedAnalyzer - INFO - logger.py:69 - ============================================================
2026-01-03 15:03:20 - FixedAnalyzer - INFO - logger.py:70 - GAME START
2026-01-03 15:03:20 - FixedAnalyzer - INFO - logger.py:71 - ============================================================
2026-01-03 15:03:20 - FixedAnalyzer - INFO - logger.py:72 - Stack: [1, 6, 2, 5, 3, 4, 1, 6, 2, 5]
2026-01-03 15:03:20 - FixedAnalyzer - INFO - logger.py:73 - Stack length: 10
2026-01-03 15:03:20 - FixedAnalyzer - INFO - logger.py:74 - Algorithm: both
2026-01-03 15:03:20 - FixedAnalyzer - INFO - logger.py:77 - Timestamp: 2026-01-03T15:03:20.319819
2026-01-03 15:03:20 - FixedAnalyzer - INFO - full_analysis.py:46 - Running Minimax analysis...
2026-01-03 15:03:20 - FixedAnalyzer - INFO - full_analysis.py:72 - Minimax solution: 1 moves, final total: 1
2026-01-03 15:03:20 - FixedAnalyzer - INFO - full_analysis.py:78 - Running Alpha-Beta analysis...
2026-01-03 15:03:20 - FixedAnalyzer - INFO - full_analysis.py:110 - Alpha-beta solution: 5 moves, final total: 17
2026-01-03 15:03:20 - FixedAnalyzer - INFO - full_analysis.py:161 - Algorithm comparison: {'value_difference': 0, 'values_match': True, 'minimax_nodes': 53, 'alphabeta_nodes': 58, 'minimax_time': 0.0002605915069580078, 'alphabeta_time': 0.0002453327178955078, 'pruning_efficiency': 0.04918032786885246, 'speedup_factor': 0.9137931034482759, 'nodes_saved': -5}
2026-01-03 15:03:20 - FixedAnalyzer - INFO - full_analysis.py:198 - Starting benchmark...
2026-01-03 15:03:20 - FixedAnalyzer - INFO - full_analysis.py:204 - Benchmarking stack size 4...
2026-01-03 15:03:20 - FixedAnalyzer - INFO - logger.py:69 - ============================================================
2026-01-03 15:03:20 - FixedAnalyzer - INFO - logger.py:70 - GAME START
2026-01-03 15:03:20 - FixedAnalyzer - INFO - logger.py:71 - ============================================================
2026-01-03 15:03:20 - FixedAnalyzer - INFO - logger.py:72 - Stack: [5, 2, 2, 4]
2026-01-03 15:03:20 - FixedAnalyzer - INFO - logger.py:73 - Stack length: 4
2026-01-03 15:03:20 - FixedAnalyzer - INFO - logger.py:74 - Algorithm: both
2026-01-03 15:03:20 - FixedAnalyzer - INFO - logger.py:77 - Timestamp: 2026-01-03T15:03:20.321601
2026-01-03 15:03:20 - FixedAnalyzer - INFO - full_analysis.py:46 - Running Minimax analysis...
2026-01-03 15:03:20 - FixedAnalyzer - INFO - full_analysis.py:72 - Minimax solution: 1 moves, final total: 5
2026-01-03 15:03:20 - FixedAnalyzer - INFO - full_analysis.py:78 - Running Alpha-Beta analysis...
2026-01-03 15:03:20 - FixedAnalyzer - INFO - full_analysis.py:110 - Alpha-beta solution: 2 moves, final total: 7
2026-01-03 15:03:20 - FixedAnalyzer - INFO - full_analysis.py:161 - Algorithm comparison: {'value_difference': 0, 'values_match': True, 'minimax_nodes': 7, 'alphabeta_nodes': 6, 'minimax_time': 4.315376281738281e-05, 'alphabeta_time': 3.62396240234375e-05, 'pruning_efficiency': 0.14285714285714285, 'speedup_factor': 1.1666666666666667, 'nodes_saved': 1}
2026-01-03 15:03:20 - FixedAnalyzer - INFO - logger.py:69 - ============================================================
2026-01-03 15:03:20 - FixedAnalyzer - INFO - logger.py:70 - GAME START
2026-01-03 15:03:20 - FixedAnalyzer - INFO - logger.py:71 - ============================================================
2026-01-03 15:03:20 - FixedAnalyzer - INFO - logger.py:72 - Stack: [6, 1, 5, 1]
2026-01-03 15:03:20 - FixedAnalyzer - INFO - logger.py:73 - Stack length: 4
2026-01-03 15:03:20 - FixedAnalyzer - INFO - logger.py:74 - Algorithm: both
2026-01-03 15:03:20 - FixedAnalyzer - INFO - logger.py:77 - Timestamp: 2026-01-03T15:03:20.322685
2026-01-03 15:03:20 - FixedAnalyzer - INFO - full_analysis.py:46 - Running Minimax analysis...
2026-01-03 15:03:20 - FixedAnalyzer - INFO - full_analysis.py:72 - Minimax solution: 1 moves, final total: 6
2026-01-03 15:03:20 - FixedAnalyzer - INFO - full_analysis.py:78 - Running Alpha-Beta analysis...
2026-01-03 15:03:20 - FixedAnalyzer - INFO - full_analysis.py:110 - Alpha-beta solution: 2 moves, final total: 7
2026-01-03 15:03:20 - FixedAnalyzer - INFO - full_analysis.py:161 - Algorithm comparison: {'value_difference': 0, 'values_match': True, 'minimax_nodes': 7, 'alphabeta_nodes': 6, 'minimax_time': 3.1948089599609375e-05, 'alphabeta_time': 2.7894973754882812e-05, 'pruning_efficiency': 0.14285714285714285, 'speedup_factor': 1.1666666666666667, 'nodes_saved': 1}
2026-01-03 15:03:20 - FixedAnalyzer - INFO - full_analysis.py:204 - Benchmarking stack size 6...
2026-01-03 15:03:20 - FixedAnalyzer - INFO - logger.py:69 - ============================================================
2026-01-03 15:03:20 - FixedAnalyzer - INFO - logger.py:70 - GAME START
2026-01-03 15:03:20 - FixedAnalyzer - INFO - logger.py:71 - ============================================================
2026-01-03 15:03:20 - FixedAnalyzer - INFO - logger.py:72 - Stack: [5, 6, 5, 1, 6, 6]
2026-01-03 15:03:20 - FixedAnalyzer - INFO - logger.py:73 - Stack length: 6
2026-01-03 15:03:20 - FixedAnalyzer - INFO - logger.py:74 - Algorithm: both
2026-01-03 15:03:20 - FixedAnalyzer - INFO - logger.py:77 - Timestamp: 2026-01-03T15:03:20.323465
2026-01-03 15:03:20 - FixedAnalyzer - INFO - full_analysis.py:46 - Running Minimax analysis...
2026-01-03 15:03:20 - FixedAnalyzer - INFO - full_analysis.py:72 - Minimax solution: 1 moves, final total: 5
2026-01-03 15:03:20 - FixedAnalyzer - INFO - full_analysis.py:78 - Running Alpha-Beta analysis...
2026-01-03 15:03:20 - FixedAnalyzer - INFO - full_analysis.py:110 - Alpha-beta solution: 3 moves, final total: 16
2026-01-03 15:03:20 - FixedAnalyzer - INFO - full_analysis.py:161 - Algorithm comparison: {'value_difference': 0, 'values_match': True, 'minimax_nodes': 15, 'alphabeta_nodes': 15, 'minimax_time': 5.7220458984375e-05, 'alphabeta_time': 5.53131103515625e-05, 'pruning_efficiency': 0.0, 'speedup_factor': 1.0, 'nodes_saved': 0}
2026-01-03 15:03:20 - FixedAnalyzer - INFO - logger.py:69 - ============================================================
2026-01-03 15:03:20 - FixedAnalyzer - INFO - logger.py:70 - GAME START
2026-01-03 15:03:20 - FixedAnalyzer - INFO - logger.py:71 - ============================================================
2026-01-03 15:03:20 - FixedAnalyzer - INFO - logger.py:72 - Stack: [2, 3, 2, 4, 4, 2]
2026-01-03 15:03:20 - FixedAnalyzer - INFO - logger.py:73 - Stack length: 6
2026-01-03 15:03:20 - FixedAnalyzer - INFO - logger.py:74 - Algorithm: both
2026-01-03 15:03:20 - FixedAnalyzer - INFO - logger.py:77 - Timestamp: 2026-01-03T15:03:20.324255
2026-01-03 15:03:20 - FixedAnalyzer - INFO - full_analysis.py:46 - Running Minimax analysis...
2026-01-03 15:03:20 - FixedAnalyzer - INFO - full_analysis.py:72 - Minimax solution: 1 moves, final total: 2
2026-01-03 15:03:20 - FixedAnalyzer - INFO - full_analysis.py:78 - Running Alpha-Beta analysis...
2026-01-03 15:03:20 - FixedAnalyzer - INFO - full_analysis.py:110 - Alpha-beta solution: 3 moves, final total: 8
2026-01-03 15:03:20 - FixedAnalyzer - INFO - full_analysis.py:161 - Algorithm comparison: {'value_difference': 0, 'values_match': True, 'minimax_nodes': 15, 'alphabeta_nodes': 15, 'minimax_time': 5.626678466796875e-05, 'alphabeta_time': 5.412101745605469e-05, 'pruning_efficiency': 0.0, 'speedup_factor': 1.0, 'nodes_saved': 0}
2026-01-03 15:03:20 - FixedAnalyzer - INFO - full_analysis.py:204 - Benchmarking stack size 8...
2026-01-03 15:03:20 - FixedAnalyzer - INFO - logger.py:69 - ============================================================
2026-01-03 15:03:20 - FixedAnalyzer - INFO - logger.py:70 - GAME START
2026-01-03 15:03:20 - FixedAnalyzer - INFO - logger.py:71 - ============================================================
2026-01-03 15:03:20 - FixedAnalyzer - INFO - logger.py:72 - Stack: [2, 5, 5, 6, 4, 4, 1, 6]
2026-01-03 15:03:20 - FixedAnalyzer - INFO - logger.py:73 - Stack length: 8
2026-01-03 15:03:20 - FixedAnalyzer - INFO - logger.py:74 - Algorithm: both
2026-01-03 15:03:20 - FixedAnalyzer - INFO - logger.py:77 - Timestamp: 2026-01-03T15:03:20.325109
2026-01-03 15:03:20 - FixedAnalyzer - INFO - full_analysis.py:46 - Running Minimax analysis...
2026-01-03 15:03:20 - FixedAnalyzer - INFO - full_analysis.py:72 - Minimax solution: 1 moves, final total: 5
2026-01-03 15:03:20 - FixedAnalyzer - INFO - full_analysis.py:78 - Running Alpha-Beta analysis...
2026-01-03 15:03:20 - FixedAnalyzer - INFO - full_analysis.py:110 - Alpha-beta solution: 4 moves, final total: 15
2026-01-03 15:03:20 - FixedAnalyzer - INFO - full_analysis.py:161 - Algorithm comparison: {'value_difference': 0, 'values_match': True, 'minimax_nodes': 23, 'alphabeta_nodes': 18, 'minimax_time': 9.34600830078125e-05, 'alphabeta_time': 7.009506225585938e-05, 'pruning_efficiency': 0.21739130434782608, 'speedup_factor': 1.2777777777777777, 'nodes_saved': 5}
2026-01-03 15:03:20 - FixedAnalyzer - INFO - logger.py:69 - ============================================================
2026-01-03 15:03:20 - FixedAnalyzer - INFO - logger.py:70 - GAME START
2026-01-03 15:03:20 - FixedAnalyzer - INFO - logger.py:71 - ============================================================
2026-01-03 15:03:20 - FixedAnalyzer - INFO - logger.py:72 - Stack: [3, 3, 6, 5, 3, 4, 3, 1]
2026-01-03 15:03:20 - FixedAnalyzer - INFO - logger.py:73 - Stack length: 8
2026-01-03 15:03:20 - FixedAnalyzer - INFO - logger.py:74 - Algorithm: both
2026-01-03 15:03:20 - FixedAnalyzer - INFO - logger.py:77 - Timestamp: 2026-01-03T15:03:20.325999
2026-01-03 15:03:20 - FixedAnalyzer - INFO - full_analysis.py:46 - Running Minimax analysis...
2026-01-03 15:03:20 - FixedAnalyzer - INFO - full_analysis.py:72 - Minimax solution: 1 moves, final total: 3
2026-01-03 15:03:20 - FixedAnalyzer - INFO - full_analysis.py:78 - Running Alpha-Beta analysis...
2026-01-03 15:03:20 - FixedAnalyzer - INFO - full_analysis.py:110 - Alpha-beta solution: 4 moves, final total: 13
2026-01-03 15:03:20 - FixedAnalyzer - INFO - full_analysis.py:161 - Algorithm comparison: {'value_difference': 0, 'values_match': True, 'minimax_nodes': 15, 'alphabeta_nodes': 18, 'minimax_time': 6.151199340820312e-05, 'alphabeta_time': 6.961822509765625e-05, 'pruning_efficiency': 0.21739130434782608, 'speedup_factor': 0.8333333333333334, 'nodes_saved': -3}
2026-01-03 15:03:20 - FixedAnalyzer - INFO - full_analysis.py:176 - Analysis results exported to analysis_output/fixed_analysis_results.json
2026-01-03 15:03:20 - FixedAnalyzer - INFO - logger.py:183 - Log analysis saved to: fixed_analysis_log.json
