2026-01-03 14:08:30 - FixedAnalyzer - INFO - logger.py:66 - Logging to file: logs/stack21_20260103_140830.log
2026-01-03 14:08:30 - FixedAnalyzer - INFO - logger.py:52 - Logger initialized for FixedAnalyzer at level INFO
2026-01-03 14:08:30 - FixedAnalyzer - INFO - logger.py:69 - ============================================================
2026-01-03 14:08:30 - FixedAnalyzer - INFO - logger.py:70 - GAME START
2026-01-03 14:08:30 - FixedAnalyzer - INFO - logger.py:71 - ============================================================
2026-01-03 14:08:30 - FixedAnalyzer - INFO - logger.py:72 - Stack: [3, 5, 2, 6]
2026-01-03 14:08:30 - FixedAnalyzer - INFO - logger.py:73 - Stack length: 4
2026-01-03 14:08:30 - FixedAnalyzer - INFO - logger.py:74 - Algorithm: both
2026-01-03 14:08:30 - FixedAnalyzer - INFO - logger.py:77 - Timestamp: 2026-01-03T14:08:30.200076
2026-01-03 14:08:30 - FixedAnalyzer - INFO - full_analysis.py:61 - Running Minimax analysis...
2026-01-03 14:08:30 - FixedAnalyzer - INFO - full_analysis.py:87 - Minimax solution: 1 moves, final total: 3
2026-01-03 14:08:30 - FixedAnalyzer - INFO - full_analysis.py:93 - Running Alpha-Beta analysis...
2026-01-03 14:08:30 - FixedAnalyzer - INFO - full_analysis.py:125 - Alpha-beta solution: 2 moves, final total: 9
2026-01-03 14:08:30 - FixedAnalyzer - INFO - full_analysis.py:176 - Algorithm comparison: {'value_difference': 0, 'values_match': True, 'minimax_nodes': 7, 'alphabeta_nodes': 7, 'minimax_time': 5.3882598876953125e-05, 'alphabeta_time': 0.00014781951904296875, 'pruning_efficiency': 0.0, 'speedup_factor': 1.0, 'nodes_saved': 0}
2026-01-03 14:08:30 - FixedAnalyzer - INFO - logger.py:69 - ============================================================
2026-01-03 14:08:30 - FixedAnalyzer - INFO - logger.py:70 - GAME START
2026-01-03 14:08:30 - FixedAnalyzer - INFO - logger.py:71 - ============================================================
2026-01-03 14:08:30 - FixedAnalyzer - INFO - logger.py:72 - Stack: [6, 6, 3, 2, 4, 1, 5, 3]
2026-01-03 14:08:30 - FixedAnalyzer - INFO - logger.py:73 - Stack length: 8
2026-01-03 14:08:30 - FixedAnalyzer - INFO - logger.py:74 - Algorithm: both
2026-01-03 14:08:30 - FixedAnalyzer - INFO - logger.py:77 - Timestamp: 2026-01-03T14:08:30.200996
2026-01-03 14:08:30 - FixedAnalyzer - INFO - full_analysis.py:61 - Running Minimax analysis...
2026-01-03 14:08:30 - FixedAnalyzer - INFO - full_analysis.py:87 - Minimax solution: 1 moves, final total: 6
2026-01-03 14:08:30 - FixedAnalyzer - INFO - full_analysis.py:93 - Running Alpha-Beta analysis...
2026-01-03 14:08:30 - FixedAnalyzer - INFO - full_analysis.py:125 - Alpha-beta solution: 4 moves, final total: 15
2026-01-03 14:08:30 - FixedAnalyzer - INFO - full_analysis.py:176 - Algorithm comparison: {'value_difference': 0, 'values_match': True, 'minimax_nodes': 17, 'alphabeta_nodes': 29, 'minimax_time': 6.580352783203125e-05, 'alphabeta_time': 0.00012040138244628906, 'pruning_efficiency': 0.06451612903225806, 'speedup_factor': 0.5862068965517241, 'nodes_saved': -12}
2026-01-03 14:08:30 - FixedAnalyzer - INFO - logger.py:69 - ============================================================
2026-01-03 14:08:30 - FixedAnalyzer - INFO - logger.py:70 - GAME START
2026-01-03 14:08:30 - FixedAnalyzer - INFO - logger.py:71 - ============================================================
2026-01-03 14:08:30 - FixedAnalyzer - INFO - logger.py:72 - Stack: [1, 6, 2, 5, 3, 4, 1, 6, 2, 5]
2026-01-03 14:08:30 - FixedAnalyzer - INFO - logger.py:73 - Stack length: 10
2026-01-03 14:08:30 - FixedAnalyzer - INFO - logger.py:74 - Algorithm: both
2026-01-03 14:08:30 - FixedAnalyzer - INFO - logger.py:77 - Timestamp: 2026-01-03T14:08:30.201980
2026-01-03 14:08:30 - FixedAnalyzer - INFO - full_analysis.py:61 - Running Minimax analysis...
2026-01-03 14:08:30 - FixedAnalyzer - INFO - full_analysis.py:87 - Minimax solution: 1 moves, final total: 6
2026-01-03 14:08:30 - FixedAnalyzer - INFO - full_analysis.py:93 - Running Alpha-Beta analysis...
2026-01-03 14:08:30 - FixedAnalyzer - INFO - full_analysis.py:125 - Alpha-beta solution: 5 moves, final total: 18
2026-01-03 14:08:30 - FixedAnalyzer - INFO - full_analysis.py:176 - Algorithm comparison: {'value_difference': 0, 'values_match': True, 'minimax_nodes': 53, 'alphabeta_nodes': 29, 'minimax_time': 0.000232696533203125, 'alphabeta_time': 0.00011849403381347656, 'pruning_efficiency': 0.17142857142857143, 'speedup_factor': 1.8275862068965518, 'nodes_saved': 24}
2026-01-03 14:08:30 - FixedAnalyzer - INFO - full_analysis.py:213 - Starting benchmark...
2026-01-03 14:08:30 - FixedAnalyzer - INFO - full_analysis.py:219 - Benchmarking stack size 4...
2026-01-03 14:08:30 - FixedAnalyzer - INFO - logger.py:69 - ============================================================
2026-01-03 14:08:30 - FixedAnalyzer - INFO - logger.py:70 - GAME START
2026-01-03 14:08:30 - FixedAnalyzer - INFO - logger.py:71 - ============================================================
2026-01-03 14:08:30 - FixedAnalyzer - INFO - logger.py:72 - Stack: [4, 4, 5, 2]
2026-01-03 14:08:30 - FixedAnalyzer - INFO - logger.py:73 - Stack length: 4
2026-01-03 14:08:30 - FixedAnalyzer - INFO - logger.py:74 - Algorithm: both
2026-01-03 14:08:30 - FixedAnalyzer - INFO - logger.py:77 - Timestamp: 2026-01-03T14:08:30.203457
2026-01-03 14:08:30 - FixedAnalyzer - INFO - full_analysis.py:61 - Running Minimax analysis...
2026-01-03 14:08:30 - FixedAnalyzer - INFO - full_analysis.py:87 - Minimax solution: 1 moves, final total: 4
2026-01-03 14:08:30 - FixedAnalyzer - INFO - full_analysis.py:93 - Running Alpha-Beta analysis...
2026-01-03 14:08:30 - FixedAnalyzer - INFO - full_analysis.py:125 - Alpha-beta solution: 2 moves, final total: 9
2026-01-03 14:08:30 - FixedAnalyzer - INFO - full_analysis.py:176 - Algorithm comparison: {'value_difference': 0, 'values_match': True, 'minimax_nodes': 5, 'alphabeta_nodes': 7, 'minimax_time': 3.123283386230469e-05, 'alphabeta_time': 2.9087066650390625e-05, 'pruning_efficiency': 0.0, 'speedup_factor': 0.7142857142857143, 'nodes_saved': -2}
2026-01-03 14:08:30 - FixedAnalyzer - INFO - logger.py:69 - ============================================================
2026-01-03 14:08:30 - FixedAnalyzer - INFO - logger.py:70 - GAME START
2026-01-03 14:08:30 - FixedAnalyzer - INFO - logger.py:71 - ============================================================
2026-01-03 14:08:30 - FixedAnalyzer - INFO - logger.py:72 - Stack: [4, 5, 2, 6]
2026-01-03 14:08:30 - FixedAnalyzer - INFO - logger.py:73 - Stack length: 4
2026-01-03 14:08:30 - FixedAnalyzer - INFO - logger.py:74 - Algorithm: both
2026-01-03 14:08:30 - FixedAnalyzer - INFO - logger.py:77 - Timestamp: 2026-01-03T14:08:30.204214
2026-01-03 14:08:30 - FixedAnalyzer - INFO - full_analysis.py:61 - Running Minimax analysis...
2026-01-03 14:08:30 - FixedAnalyzer - INFO - full_analysis.py:87 - Minimax solution: 1 moves, final total: 4
2026-01-03 14:08:30 - FixedAnalyzer - INFO - full_analysis.py:93 - Running Alpha-Beta analysis...
2026-01-03 14:08:30 - FixedAnalyzer - INFO - full_analysis.py:125 - Alpha-beta solution: 2 moves, final total: 10
2026-01-03 14:08:30 - FixedAnalyzer - INFO - full_analysis.py:176 - Algorithm comparison: {'value_difference': 0, 'values_match': True, 'minimax_nodes': 7, 'alphabeta_nodes': 7, 'minimax_time': 3.0279159545898438e-05, 'alphabeta_time': 3.695487976074219e-05, 'pruning_efficiency': 0.0, 'speedup_factor': 1.0, 'nodes_saved': 0}
2026-01-03 14:08:30 - FixedAnalyzer - INFO - full_analysis.py:219 - Benchmarking stack size 6...
2026-01-03 14:08:30 - FixedAnalyzer - INFO - logger.py:69 - ============================================================
2026-01-03 14:08:30 - FixedAnalyzer - INFO - logger.py:70 - GAME START
2026-01-03 14:08:30 - FixedAnalyzer - INFO - logger.py:71 - ============================================================
2026-01-03 14:08:30 - FixedAnalyzer - INFO - logger.py:72 - Stack: [5, 2, 1, 1, 3, 4]
2026-01-03 14:08:30 - FixedAnalyzer - INFO - logger.py:73 - Stack length: 6
2026-01-03 14:08:30 - FixedAnalyzer - INFO - logger.py:74 - Algorithm: both
2026-01-03 14:08:30 - FixedAnalyzer - INFO - logger.py:77 - Timestamp: 2026-01-03T14:08:30.205090
2026-01-03 14:08:30 - FixedAnalyzer - INFO - full_analysis.py:61 - Running Minimax analysis...
2026-01-03 14:08:30 - FixedAnalyzer - INFO - full_analysis.py:87 - Minimax solution: 1 moves, final total: 5
2026-01-03 14:08:30 - FixedAnalyzer - INFO - full_analysis.py:93 - Running Alpha-Beta analysis...
2026-01-03 14:08:30 - FixedAnalyzer - INFO - full_analysis.py:125 - Alpha-beta solution: 3 moves, final total: 10
2026-01-03 14:08:30 - FixedAnalyzer - INFO - full_analysis.py:176 - Algorithm comparison: {'value_difference': 0, 'values_match': True, 'minimax_nodes': 11, 'alphabeta_nodes': 11, 'minimax_time': 5.054473876953125e-05, 'alphabeta_time': 0.0001163482666015625, 'pruning_efficiency': 0.15384615384615385, 'speedup_factor': 1.0, 'nodes_saved': 0}
2026-01-03 14:08:30 - FixedAnalyzer - INFO - logger.py:69 - ============================================================
2026-01-03 14:08:30 - FixedAnalyzer - INFO - logger.py:70 - GAME START
2026-01-03 14:08:30 - FixedAnalyzer - INFO - logger.py:71 - ============================================================
2026-01-03 14:08:30 - FixedAnalyzer - INFO - logger.py:72 - Stack: [3, 1, 2, 5, 2, 4]
2026-01-03 14:08:30 - FixedAnalyzer - INFO - logger.py:73 - Stack length: 6
2026-01-03 14:08:30 - FixedAnalyzer - INFO - logger.py:74 - Algorithm: both
2026-01-03 14:08:30 - FixedAnalyzer - INFO - logger.py:77 - Timestamp: 2026-01-03T14:08:30.205924
2026-01-03 14:08:30 - FixedAnalyzer - INFO - full_analysis.py:61 - Running Minimax analysis...
2026-01-03 14:08:30 - FixedAnalyzer - INFO - full_analysis.py:87 - Minimax solution: 1 moves, final total: 3
2026-01-03 14:08:30 - FixedAnalyzer - INFO - full_analysis.py:93 - Running Alpha-Beta analysis...
2026-01-03 14:08:30 - FixedAnalyzer - INFO - full_analysis.py:125 - Alpha-beta solution: 3 moves, final total: 9
2026-01-03 14:08:30 - FixedAnalyzer - INFO - full_analysis.py:176 - Algorithm comparison: {'value_difference': 0, 'values_match': True, 'minimax_nodes': 15, 'alphabeta_nodes': 11, 'minimax_time': 6.103515625e-05, 'alphabeta_time': 4.124641418457031e-05, 'pruning_efficiency': 0.15384615384615385, 'speedup_factor': 1.3636363636363635, 'nodes_saved': 4}
2026-01-03 14:08:30 - FixedAnalyzer - INFO - full_analysis.py:219 - Benchmarking stack size 8...
2026-01-03 14:08:30 - FixedAnalyzer - INFO - logger.py:69 - ============================================================
2026-01-03 14:08:30 - FixedAnalyzer - INFO - logger.py:70 - GAME START
2026-01-03 14:08:30 - FixedAnalyzer - INFO - logger.py:71 - ============================================================
2026-01-03 14:08:30 - FixedAnalyzer - INFO - logger.py:72 - Stack: [6, 2, 5, 4, 2, 1, 5, 5]
2026-01-03 14:08:30 - FixedAnalyzer - INFO - logger.py:73 - Stack length: 8
2026-01-03 14:08:30 - FixedAnalyzer - INFO - logger.py:74 - Algorithm: both
2026-01-03 14:08:30 - FixedAnalyzer - INFO - logger.py:77 - Timestamp: 2026-01-03T14:08:30.206710
2026-01-03 14:08:30 - FixedAnalyzer - INFO - full_analysis.py:61 - Running Minimax analysis...
2026-01-03 14:08:30 - FixedAnalyzer - INFO - full_analysis.py:87 - Minimax solution: 1 moves, final total: 2
2026-01-03 14:08:30 - FixedAnalyzer - INFO - full_analysis.py:93 - Running Alpha-Beta analysis...
2026-01-03 14:08:30 - FixedAnalyzer - INFO - full_analysis.py:125 - Alpha-beta solution: 4 moves, final total: 13
2026-01-03 14:08:30 - FixedAnalyzer - INFO - full_analysis.py:176 - Algorithm comparison: {'value_difference': 0, 'values_match': True, 'minimax_nodes': 27, 'alphabeta_nodes': 31, 'minimax_time': 9.417533874511719e-05, 'alphabeta_time': 0.00014400482177734375, 'pruning_efficiency': 0.0, 'speedup_factor': 0.8709677419354839, 'nodes_saved': -4}
2026-01-03 14:08:30 - FixedAnalyzer - INFO - logger.py:69 - ============================================================
2026-01-03 14:08:30 - FixedAnalyzer - INFO - logger.py:70 - GAME START
2026-01-03 14:08:30 - FixedAnalyzer - INFO - logger.py:71 - ============================================================
2026-01-03 14:08:30 - FixedAnalyzer - INFO - logger.py:72 - Stack: [5, 3, 1, 4, 2, 6, 2, 3]
2026-01-03 14:08:30 - FixedAnalyzer - INFO - logger.py:73 - Stack length: 8
2026-01-03 14:08:30 - FixedAnalyzer - INFO - logger.py:74 - Algorithm: both
2026-01-03 14:08:30 - FixedAnalyzer - INFO - logger.py:77 - Timestamp: 2026-01-03T14:08:30.207809
2026-01-03 14:08:30 - FixedAnalyzer - INFO - full_analysis.py:61 - Running Minimax analysis...
2026-01-03 14:08:30 - FixedAnalyzer - INFO - full_analysis.py:87 - Minimax solution: 1 moves, final total: 3
2026-01-03 14:08:30 - FixedAnalyzer - INFO - full_analysis.py:93 - Running Alpha-Beta analysis...
2026-01-03 14:08:30 - FixedAnalyzer - INFO - full_analysis.py:125 - Alpha-beta solution: 4 moves, final total: 12
2026-01-03 14:08:30 - FixedAnalyzer - INFO - full_analysis.py:176 - Algorithm comparison: {'value_difference': 0, 'values_match': True, 'minimax_nodes': 31, 'alphabeta_nodes': 30, 'minimax_time': 0.00012302398681640625, 'alphabeta_time': 0.00012612342834472656, 'pruning_efficiency': 0.03225806451612903, 'speedup_factor': 1.0333333333333334, 'nodes_saved': 1}
2026-01-03 14:08:30 - FixedAnalyzer - INFO - full_analysis.py:191 - Analysis results exported to analysis_output/fixed_analysis_results.json
2026-01-03 14:08:30 - FixedAnalyzer - INFO - logger.py:183 - Log analysis saved to: fixed_analysis_log.json
